Game_World:
    Ligths<array, 10>: { 
        {
            id: 0,
            type: ENTITY_TYPE_LIGHT,
            position: Vector3(0.0, 200.0, 0.0),
            light_type: DIRECTIONAL_LIGHT_TYPE,
            color: Color(255, 255, 255),
            direction: Vector3(1.0, 0.5, 0.7),
        },
        {
            id : 0,
            type : ENTITY_TYPE_LIGHT,
            position : Vector3(0.0, 200.0, 0.0),
            light_type : POINT_LIGHT_TYPE,
            color : Color(255, 255, 255),
            direction: Vector3(1.0, 0.5, 0.7),
        },
    }
    Lights:
        count 10
        Directinal_Light:
            color Color(255, 255, 255)
            direction Vector(0.0, 0.0, -0.5)

        Point_Light:

    Entities:
        count 10
        Entity:
            position Vector(0.0, 0.0, 0.0)
            render_model_name "test_name.fbx"


SampleDesc.Quality specifies invalid value 0. For 4 samples, the current graphics implementation only supports SampleDesc.Quality less than 0. <-- if 0 is shown here for Quality, this means the graphics implementation doesn't support 4 samples at all. 

Even SampleDesc.Quality = D3D11_STANDARD_MULTISAMPLE_PATTERN and D3D11_CENTER_MULTISAMPLE_PATTERN are not supported. Use CheckMultisampleQualityLevels to detect what the graphics implementation supports. [ STATE_CREATION ERROR #93: CREATETEXTURE2D_INVALIDSAMPLES]
Exception thrown at 0x00007FF88585CB69 in hades.exe: Microsoft C++ exception: _com_error at memory location 0x0000001C5258EBA0.